
> cloe-crm@0.1.0 build
> next build

node.exe : ÔÜá Warning: Next.js inferred your workspace root, but it may not be correct.
En C:\Program Files\nodejs\npm.ps1: 29 Carácter: 3
+   & $NODE_EXE $NPM_CLI_JS $args
+   ~~~~~~~~~~~~~~~~~~~~~~~~~~~~~
    + CategoryInfo          : NotSpecified: (ÔÜá Warning: Ne...not be correct.:String) [], Re 
   moteException
    + FullyQualifiedErrorId : NativeCommandError
 
 We detected multiple lockfiles and selected the directory of 
C:\Users\eddy2\package-lock.json as the root directory.
 To silence this warning, set `turbopack.root` in your Next.js config, or consider removing 
one of the lockfiles if it's not needed.
   See 
https://nextjs.org/docs/app/api-reference/config/next-config-js/turbopack#root-directory for 
more information.
 Detected additional lockfiles: 
   * C:\Users\eddy2\Desktop\dashboard crm tiendas admin\cloe-crm\package-lock.json

Ôû▓ Next.js 16.2.1 (Turbopack)
- Environments: .env.local

ÔÜá The "middleware" file convention is deprecated. Please use "proxy" instead. Learn more: 
https://nextjs.org/docs/messages/middleware-to-proxy
  Creating an optimized production build ...
Ô£ô Compiled successfully in 4.0s
  Running TypeScript ...
Failed to type check.

./check_josefina.ts:1:28
Type error: An import path can only end with a '.ts' extension when 
'allowImportingTsExtensions' is enabled.

[31m[1m>[0m [90m1 |[0m [36mimport[0m { queryMysql } [36mfrom[0m 
[32m'./lib/mysql.ts'[0m;
  [90m  |[0m                            [31m[1m^[0m
  [90m2 |[0m
  [90m3 |[0m [36masync[0m [36mfunction[0m check() {
  [90m4 |[0m   [36mconst[0m q = [36mawait[0m queryMysql([32m"SELECT vendedor, correo, 
count(DISTINCT folio) as folios FROM...[0m
Next.js build worker exited with code: 1 and signal: null
